                               -----------------                                
                                    DIALECT                                     
                               -----------------                                
                                 version: 1.1.0                                 
                                                                                
            :::::::::::::::::::::::::::::::::::::::::::::::::::::::             
            ::                   Roland Mitric                   ::             
            ::  Institute of Physical and Theoretical Chemistry  ::             
            ::              University of Wuerzburg              ::             
        ::::::...................................................::::::         
        :: Contributors:                                             ::         
        :: --------                                                  ::         
        :: Richard Einsele       <richard.einsele@uni-wuerzburg.de>  ::         
        :: Joscha Hoche             <joscha.hoche@uni-wuerzburg.de>  ::         
        :: Xincheng Miao           <xincheng.miao@uni-wuerzburg.de>  ::         
        :: Luca Nils Philipp   <luca_nils.philipp@uni-wuerzburg.de>  ::         
        :::::::::::::::::::::::::::::::::::::::::::::::::::::::::::::::         
                                                                                
                                                      fragmentation:     0.00 s
                                               detached bonds (HOP):       48
Number of Pairs: 24
Number of ESD Pairs: 276
Number of Trimers: 0
HOP boundary treatment:                       24 bond(s), 1027 extended atoms
                                                                                
                                FMO SCC-Routine                                 
--------------------------------------------------------------------------------
max. iterations:          500
                                                                                
Monomer SCC Iterations:                       
--------------------------------------------- 
Iter.    #conv. Monomers          #Monomers
--------------------------------------------------------------------------- 
    1                  0                 25
    2                  0                 25
    3                  0                 25
    4                  0                 25
    5                  0                 25
    6                  0                 25
    7                  0                 25
    8                  0                 25
    9                  0                 25
   10                  0                 25
   11                  0                 25
   12                  0                 25
   13                  0                 25
   14                  0                 25
   15                  0                 25
   16                  0                 25
   17                  0                 25
   18                  0                 25
   19                  1                 25
   20                 18                 25
   21                 23                 25
   22                 25                 25
--------------------------------------------------------------------------- 
                             FMO SCC converged                             
                                                                                 
sum of monomer energies:          -1693.04257222725869 Hartree
sum of pair energies:                -0.85362820481863 Hartree
sum of embedding energies:            0.00065829053870 Hartree
sum of ESD pair energies:            -0.00759176040713 Hartree
sum of D3 dispersion energy:         -0.65837166801593 Hartree

total energy:                     -1694.56150556996181 Hartree
-------------------------------------------------------------------------------- 
                                                       elapsed time:     2.94 s
                                                                                
-------------------------------------------------------------------------------- 
                                                 total elapsed time:     2.98 s
                                                                                
                    :::::::::::::::::::::::::::::::::::::::                     
                    ::    Thank you for using DIALECT    ::                     
                    :::::::::::::::::::::::::::::::::::::::                     
                                                                                
