n_atoms: 12
coordinates:
  v: 1
  dim:
  - 12
  - 3
  data:
  - -2.702720489369167
  - 0.1823167397582091
  - 0.040936284574337435
  - -1.140284784862931
  - 2.377928342888453
  - -0.015020066873050561
  - 1.5282690907960175
  - 2.186910396399753
  - -0.036130680181646495
  - -1.495369639293007
  - -2.187179037824909
  - -0.04170039820215459
  - 1.1497184503070255
  - -2.3474683053656245
  - 0.022660112901186632
  - 2.634509856071222
  - -0.19807111191734394
  - -0.008940507572274086
  - -4.75705464354928
  - 0.3022170529788842
  - 0.04229522563437601
  - -1.9999339644790493
  - 4.268127342472422
  - 0.23011837451205183
  - -2.4851838734328235
  - -3.981348422152001
  - -0.2059121240423958
  - 2.085983382601047
  - -4.157603634648305
  - 0.24911955472799868
  - 4.67714967971674
  - -0.41431570992128214
  - 0.11053149615083899
  - 2.7873981365620977
  - 3.810890548464765
  - 0.02898543110541456
velocities:
  v: 1
  dim:
  - 12
  - 3
  data:
  - 0.00006386654746971714
  - 0.000027296553105682458
  - 0.000010220128626945279
  - -0.0002225162473831758
  - 0.000018917236297690455
  - 0.00009926906517550391
  - 0.00009069409466939644
  - 0.00009393521743123824
  - -0.00009666770400257537
  - -0.00015300396469188532
  - -0.00007077765863282825
  - -0.00013519364475198545
  - 0.00003174158785393583
  - -0.0001548487600583693
  - 0.00010173626171077068
  - 0.000259788670820688
  - 0.00008921189209722917
  - 9.18087720293423e-6
  - 0.00012680327667412657
  - 0.000256749078425068
  - 0.00022346862516995578
  - 0.0006614329492403177
  - -0.0009733258993153351
  - -0.0002176939146104076
  - -0.0006575920328219845
  - 0.00044691897185947547
  - 0.00006324575709323212
  - -0.0003566092674732084
  - -0.00036735090913120734
  - 4.096948531547539e-6
  - 1.057981745864311e-6
  - 0.0001498210795693359
  - 0.00011762054710079013
  - -0.0006160193228597118
  - 0.00044268728985296806
  - -0.00005423900389022156
nonadiabatic_scalar:
  v: 1
  dim:
  - 1
  - 1
  data:
  - 0.0
coefficients:
  v: 1
  dim:
  - 1
  data:
  - - 1.0
    - 0.0
state: 0
step: 99
