n_atoms: 12
coordinates:
  v: 1
  dim:
  - 12
  - 3
  data:
  - -2.7703056505278667
  - 0.18723515461272863
  - -0.01146809306148396
  - -1.2216932112966794
  - 2.473168983624907
  - -0.022427588496651135
  - 1.6009643255209356
  - 2.2673675159655513
  - 0.006398881415133374
  - -1.5614914100505237
  - -2.222207158889803
  - 0.02632616266146264
  - 1.2260483415059262
  - -2.4968951074964627
  - 0.0030651231379485253
  - 2.7284383526381086
  - -0.1986911043738205
  - -0.028349481104091388
  - -4.836257081991807
  - 0.21898160144058712
  - -0.030975897963724672
  - -2.146090944051376
  - 4.30408952248162
  - 0.2693013065324296
  - -2.7241280624193567
  - -3.912917219829722
  - -0.11059696189155013
  - 2.0776704116488154
  - -4.3984361118833775
  - 0.08156878890555648
  - 4.779389990031764
  - -0.29458808537640346
  - 0.10117206622918717
  - 2.826051246954033
  - 3.963968206783136
  - 0.004770706346796213
velocities:
  v: 1
  dim:
  - 12
  - 3
  data:
  - -0.00021898702433435305
  - -0.00013754883061530972
  - -0.000039254128490682565
  - -0.0002995567706239785
  - 0.000304165221876066
  - -7.746743150397247e-6
  - 0.00022033021294465838
  - 0.0002547909291805831
  - -0.00004587685141121562
  - -0.00027978363609419617
  - -0.00010794378234521176
  - 0.00004466308684715827
  - 0.0002126636213947459
  - -0.00032246050967424346
  - 0.0000342206631983894
  - 0.00033955749231283697
  - 0.00001781039394084409
  - -0.000022571169029747475
  - -0.00024822909020642467
  - 0.0008759147016842788
  - -0.00013166566078216078
  - 0.00042636199358832055
  - 0.00030520924803714467
  - 0.0005106293178860636
  - -0.0002710530398475847
  - -0.0007541132611920999
  - -0.00012091969888241007
  - 0.00009539330960125063
  - 0.0006106654281081396
  - -0.00011194808794995122
  - 0.0008495106127202372
  - -0.0005770164806647253
  - 0.00012850873841616008
  - -0.0005448335019891781
  - -0.0005656811372248171
  - 0.00016110877847595381
nonadiabatic_scalar:
  v: 1
  dim:
  - 8
  - 8
  data:
  - 0.0
  - -0.00007173669500575864
  - 1.6170746179038063e-6
  - -4.71481352748731e-6
  - -0.00003979582042548816
  - -1.8153842035320502e-6
  - -0.000010870303761210822
  - 7.380296428025395e-6
  - 0.00007173669500575864
  - 0.0
  - -7.387373359319963e-6
  - 0.00006439392762930761
  - 0.00006862482657172582
  - 0.000029929762388073517
  - -0.000026451587372156228
  - 0.00020626204819540334
  - -1.6170746179038063e-6
  - 7.387373359319963e-6
  - 0.0
  - -0.00053247596996827
  - -0.00014661073574179267
  - -0.00004243526637107489
  - 0.00011502649140900255
  - 0.00026159971518396544
  - 4.71481352748731e-6
  - -0.00006439392762930761
  - 0.00053247596996827
  - 0.0
  - -0.002652321676030173
  - -0.00031923959507530676
  - -0.00003287120627641222
  - 0.000015074834656596705
  - 0.00003979582042548816
  - -0.00006862482657172582
  - 0.00014661073574179267
  - 0.002652321676030173
  - 0.0
  - 2.995529806406826e-6
  - 0.00023782857915555927
  - 0.0000467459187602938
  - 1.8153842035320502e-6
  - -0.000029929762388073517
  - 0.00004243526637107489
  - 0.00031923959507530676
  - -2.995529806406826e-6
  - 0.0
  - 0.0020004950078187592
  - -0.0005034586887322607
  - 0.000010870303761210822
  - 0.000026451587372156228
  - -0.00011502649140900255
  - 0.00003287120627641222
  - -0.00023782857915555927
  - -0.0020004950078187592
  - 0.0
  - 0.0009402459661296945
  - -7.380296428025395e-6
  - -0.00020626204819540334
  - -0.00026159971518396544
  - -0.000015074834656596705
  - -0.0000467459187602938
  - 0.0005034586887322607
  - -0.0009402459661296945
  - 0.0
coefficients:
  v: 1
  dim:
  - 8
  data:
  - - 6.645513435827009e-6
    - 0.00001077855656385412
  - - 0.00046476155034282215
    - -0.0005710606188071818
  - - 0.9948868803982737
    - 0.09794621590010844
  - - 0.004807987805872637
    - -0.017502255865184255
  - - -0.013988218526719925
    - -0.0035885952672104846
  - - 0.0009488294390539388
    - 0.004610982510687656
  - - -0.005050876976437677
    - -0.000671131639894627
  - - -0.0007633742677378065
    - 0.004403611531020968
state: 2
step: 99
